16:08:50 DEBUG : Logs will be stored at 'C:/Users/jkali/ece385/lab6/lab61/lab61_sdk/IDE.log'.
16:08:53 INFO  : Launching XSCT server: xsct.bat -n  -interactive C:\Users\jkali\ece385\lab6\lab61\lab61_sdk\temp_xsdb_launch_script.tcl
16:08:53 INFO  : Platform repository initialization has completed.
16:08:53 INFO  : Registering command handlers for Vitis TCF services
16:08:55 INFO  : XSCT server has started successfully.
16:08:55 INFO  : plnx-install-location is set to ''
16:08:55 INFO  : Successfully done setting XSCT server connection channel  
16:08:55 INFO  : Successfully done query RDI_DATADIR 
16:08:55 INFO  : Successfully done setting workspace for the tool. 
16:09:54 INFO  : Result from executing command 'getProjects': mb_intro_top
16:09:54 INFO  : Result from executing command 'getPlatforms': 
16:09:54 WARN  : An unexpected exception occurred in the module 'platform project logging'
16:09:54 INFO  : Platform 'mb_intro_top' is added to custom repositories.
16:09:55 INFO  : Platform 'mb_intro_top' is added to custom repositories.
16:12:18 INFO  : Result from executing command 'getProjects': mb_intro_top
16:12:18 INFO  : Result from executing command 'getPlatforms': mb_intro_top|C:/Users/jkali/ece385/lab6/lab61/lab61_sdk/mb_intro_top/export/mb_intro_top/mb_intro_top.xpfm
16:12:18 INFO  : Checking for BSP changes to sync application flags for project 'mb_blink'...
16:12:38 INFO  : Checking for BSP changes to sync application flags for project 'mb_blink'...
16:12:44 INFO  : Checking for BSP changes to sync application flags for project 'mb_blink'...
16:12:56 INFO  : Checking for BSP changes to sync application flags for project 'mb_blink'...
16:13:17 INFO  : Checking for BSP changes to sync application flags for project 'mb_blink'...
16:13:33 INFO  : Connected to target on host '127.0.0.1' and port '3121'.
16:13:34 INFO  : Jtag cable 'RealDigital Boo 887100000002A' is selected.
16:13:34 INFO  : 'jtag frequency' command is executed.
16:13:34 INFO  : 'targets -set -filter {jtag_cable_name =~ "RealDigital Boo 887100000002A" && level==0 && jtag_device_ctx=="jsn1-0362f093-0"}' command is executed.
16:13:35 INFO  : Device configured successfully with "C:/Users/jkali/ece385/lab6/lab61/lab61_sdk/mb_blink/_ide/bitstream/mb_intro_top.bit"
16:13:35 INFO  : Context for processor 'microblaze_0' is selected.
16:13:36 INFO  : Hardware design and registers information is loaded from 'C:/Users/jkali/ece385/lab6/lab61/lab61_sdk/mb_intro_top/export/mb_intro_top/hw/mb_intro_top.xsa'.
16:13:36 INFO  : 'configparams mdm-detect-bscan-mask 2' command is executed.
16:13:36 INFO  : Context for processor 'microblaze_0' is selected.
16:13:36 INFO  : System reset is completed.
16:13:39 INFO  : 'after 3000' command is executed.
16:13:39 INFO  : Context for processor 'microblaze_0' is selected.
16:13:39 INFO  : The application 'C:/Users/jkali/ece385/lab6/lab61/lab61_sdk/mb_blink/Debug/mb_blink.elf' is downloaded to processor 'microblaze_0'.
16:13:39 INFO  : ----------------XSDB Script----------------
connect -url tcp:127.0.0.1:3121
targets -set -filter {jtag_cable_name =~ "RealDigital Boo 887100000002A" && level==0 && jtag_device_ctx=="jsn1-0362f093-0"}
fpga -file C:/Users/jkali/ece385/lab6/lab61/lab61_sdk/mb_blink/_ide/bitstream/mb_intro_top.bit
targets -set -nocase -filter {name =~ "*microblaze*#0" && bscan=="USER2" }
loadhw -hw C:/Users/jkali/ece385/lab6/lab61/lab61_sdk/mb_intro_top/export/mb_intro_top/hw/mb_intro_top.xsa -regs
configparams mdm-detect-bscan-mask 2
targets -set -nocase -filter {name =~ "*microblaze*#0" && bscan=="USER2" }
rst -system
after 3000
targets -set -nocase -filter {name =~ "*microblaze*#0" && bscan=="USER2" }
dow C:/Users/jkali/ece385/lab6/lab61/lab61_sdk/mb_blink/Debug/mb_blink.elf
----------------End of Script----------------

16:13:39 INFO  : Context for processor 'microblaze_0' is selected.
16:13:39 INFO  : 'con' command is executed.
16:13:39 INFO  : ----------------XSDB Script (After Launch)----------------
targets -set -nocase -filter {name =~ "*microblaze*#0" && bscan=="USER2" }
con
----------------End of Script----------------

16:13:39 INFO  : Launch script is exported to file 'C:\Users\jkali\ece385\lab6\lab61\lab61_sdk\mb_blink_system\_ide\scripts\debugger_mb_blink-default.tcl'
16:14:15 INFO  : Checking for BSP changes to sync application flags for project 'mb_blink'...
16:14:33 INFO  : Disconnected from the channel tcfchan#2.
16:14:34 INFO  : Connected to target on host '127.0.0.1' and port '3121'.
16:14:34 INFO  : Jtag cable 'RealDigital Boo 887100000002A' is selected.
16:14:34 INFO  : 'jtag frequency' command is executed.
16:14:34 INFO  : 'targets -set -filter {jtag_cable_name =~ "RealDigital Boo 887100000002A" && level==0 && jtag_device_ctx=="jsn1-0362f093-0"}' command is executed.
16:14:36 INFO  : Device configured successfully with "C:/Users/jkali/ece385/lab6/lab61/lab61_sdk/mb_blink/_ide/bitstream/mb_intro_top.bit"
16:14:36 INFO  : Context for processor 'microblaze_0' is selected.
16:14:36 INFO  : Hardware design and registers information is loaded from 'C:/Users/jkali/ece385/lab6/lab61/lab61_sdk/mb_intro_top/export/mb_intro_top/hw/mb_intro_top.xsa'.
16:14:36 INFO  : 'configparams mdm-detect-bscan-mask 2' command is executed.
16:14:36 INFO  : Context for processor 'microblaze_0' is selected.
16:14:36 INFO  : System reset is completed.
16:14:39 INFO  : 'after 3000' command is executed.
16:14:39 INFO  : Context for processor 'microblaze_0' is selected.
16:14:39 INFO  : The application 'C:/Users/jkali/ece385/lab6/lab61/lab61_sdk/mb_blink/Debug/mb_blink.elf' is downloaded to processor 'microblaze_0'.
16:14:39 INFO  : ----------------XSDB Script----------------
connect -url tcp:127.0.0.1:3121
targets -set -filter {jtag_cable_name =~ "RealDigital Boo 887100000002A" && level==0 && jtag_device_ctx=="jsn1-0362f093-0"}
fpga -file C:/Users/jkali/ece385/lab6/lab61/lab61_sdk/mb_blink/_ide/bitstream/mb_intro_top.bit
targets -set -nocase -filter {name =~ "*microblaze*#0" && bscan=="USER2" }
loadhw -hw C:/Users/jkali/ece385/lab6/lab61/lab61_sdk/mb_intro_top/export/mb_intro_top/hw/mb_intro_top.xsa -regs
configparams mdm-detect-bscan-mask 2
targets -set -nocase -filter {name =~ "*microblaze*#0" && bscan=="USER2" }
rst -system
after 3000
targets -set -nocase -filter {name =~ "*microblaze*#0" && bscan=="USER2" }
dow C:/Users/jkali/ece385/lab6/lab61/lab61_sdk/mb_blink/Debug/mb_blink.elf
----------------End of Script----------------

16:14:39 INFO  : Context for processor 'microblaze_0' is selected.
16:14:39 INFO  : 'con' command is executed.
16:14:39 INFO  : ----------------XSDB Script (After Launch)----------------
targets -set -nocase -filter {name =~ "*microblaze*#0" && bscan=="USER2" }
con
----------------End of Script----------------

16:14:39 INFO  : Launch script is exported to file 'C:\Users\jkali\ece385\lab6\lab61\lab61_sdk\mb_blink_system\_ide\scripts\debugger_mb_blink-default.tcl'
16:16:55 INFO  : Checking for BSP changes to sync application flags for project 'mb_blink'...
16:17:09 INFO  : Disconnected from the channel tcfchan#3.
16:17:10 INFO  : Connected to target on host '127.0.0.1' and port '3121'.
16:17:10 INFO  : Jtag cable 'RealDigital Boo 887100000002A' is selected.
16:17:10 INFO  : 'jtag frequency' command is executed.
16:17:10 INFO  : 'targets -set -filter {jtag_cable_name =~ "RealDigital Boo 887100000002A" && level==0 && jtag_device_ctx=="jsn1-0362f093-0"}' command is executed.
16:17:11 INFO  : Device configured successfully with "C:/Users/jkali/ece385/lab6/lab61/lab61_sdk/mb_blink/_ide/bitstream/mb_intro_top.bit"
16:17:11 INFO  : Context for processor 'microblaze_0' is selected.
16:17:11 INFO  : Hardware design and registers information is loaded from 'C:/Users/jkali/ece385/lab6/lab61/lab61_sdk/mb_intro_top/export/mb_intro_top/hw/mb_intro_top.xsa'.
16:17:11 INFO  : 'configparams mdm-detect-bscan-mask 2' command is executed.
16:17:11 INFO  : Context for processor 'microblaze_0' is selected.
16:17:11 INFO  : System reset is completed.
16:17:14 INFO  : 'after 3000' command is executed.
16:17:14 INFO  : Context for processor 'microblaze_0' is selected.
16:17:14 INFO  : The application 'C:/Users/jkali/ece385/lab6/lab61/lab61_sdk/mb_blink/Debug/mb_blink.elf' is downloaded to processor 'microblaze_0'.
16:17:14 INFO  : ----------------XSDB Script----------------
connect -url tcp:127.0.0.1:3121
targets -set -filter {jtag_cable_name =~ "RealDigital Boo 887100000002A" && level==0 && jtag_device_ctx=="jsn1-0362f093-0"}
fpga -file C:/Users/jkali/ece385/lab6/lab61/lab61_sdk/mb_blink/_ide/bitstream/mb_intro_top.bit
targets -set -nocase -filter {name =~ "*microblaze*#0" && bscan=="USER2" }
loadhw -hw C:/Users/jkali/ece385/lab6/lab61/lab61_sdk/mb_intro_top/export/mb_intro_top/hw/mb_intro_top.xsa -regs
configparams mdm-detect-bscan-mask 2
targets -set -nocase -filter {name =~ "*microblaze*#0" && bscan=="USER2" }
rst -system
after 3000
targets -set -nocase -filter {name =~ "*microblaze*#0" && bscan=="USER2" }
dow C:/Users/jkali/ece385/lab6/lab61/lab61_sdk/mb_blink/Debug/mb_blink.elf
----------------End of Script----------------

16:17:14 INFO  : Context for processor 'microblaze_0' is selected.
16:17:14 INFO  : 'con' command is executed.
16:17:14 INFO  : ----------------XSDB Script (After Launch)----------------
targets -set -nocase -filter {name =~ "*microblaze*#0" && bscan=="USER2" }
con
----------------End of Script----------------

16:17:14 INFO  : Launch script is exported to file 'C:\Users\jkali\ece385\lab6\lab61\lab61_sdk\mb_blink_system\_ide\scripts\debugger_mb_blink-default.tcl'
16:24:12 INFO  : Checking for BSP changes to sync application flags for project 'mb_blink'...
16:58:09 INFO  : Checking for BSP changes to sync application flags for project 'mb_blink'...
16:58:18 INFO  : Disconnected from the channel tcfchan#4.
16:58:19 INFO  : Connected to target on host '127.0.0.1' and port '3121'.
16:58:19 INFO  : Jtag cable 'RealDigital Boo 887100000002A' is selected.
16:58:19 INFO  : 'jtag frequency' command is executed.
16:58:19 INFO  : 'targets -set -filter {jtag_cable_name =~ "RealDigital Boo 887100000002A" && level==0 && jtag_device_ctx=="jsn1-0362f093-0"}' command is executed.
16:58:20 INFO  : Device configured successfully with "C:/Users/jkali/ece385/lab6/lab61/lab61_sdk/mb_blink/_ide/bitstream/mb_intro_top.bit"
16:58:20 INFO  : Context for processor 'microblaze_0' is selected.
16:58:20 INFO  : Hardware design and registers information is loaded from 'C:/Users/jkali/ece385/lab6/lab61/lab61_sdk/mb_intro_top/export/mb_intro_top/hw/mb_intro_top.xsa'.
16:58:20 INFO  : 'configparams mdm-detect-bscan-mask 2' command is executed.
16:58:20 INFO  : Context for processor 'microblaze_0' is selected.
16:58:20 INFO  : System reset is completed.
16:58:23 INFO  : 'after 3000' command is executed.
16:58:23 INFO  : Context for processor 'microblaze_0' is selected.
16:58:24 INFO  : The application 'C:/Users/jkali/ece385/lab6/lab61/lab61_sdk/mb_blink/Debug/mb_blink.elf' is downloaded to processor 'microblaze_0'.
16:58:24 INFO  : ----------------XSDB Script----------------
connect -url tcp:127.0.0.1:3121
targets -set -filter {jtag_cable_name =~ "RealDigital Boo 887100000002A" && level==0 && jtag_device_ctx=="jsn1-0362f093-0"}
fpga -file C:/Users/jkali/ece385/lab6/lab61/lab61_sdk/mb_blink/_ide/bitstream/mb_intro_top.bit
targets -set -nocase -filter {name =~ "*microblaze*#0" && bscan=="USER2" }
loadhw -hw C:/Users/jkali/ece385/lab6/lab61/lab61_sdk/mb_intro_top/export/mb_intro_top/hw/mb_intro_top.xsa -regs
configparams mdm-detect-bscan-mask 2
targets -set -nocase -filter {name =~ "*microblaze*#0" && bscan=="USER2" }
rst -system
after 3000
targets -set -nocase -filter {name =~ "*microblaze*#0" && bscan=="USER2" }
dow C:/Users/jkali/ece385/lab6/lab61/lab61_sdk/mb_blink/Debug/mb_blink.elf
----------------End of Script----------------

16:58:24 INFO  : Context for processor 'microblaze_0' is selected.
16:58:24 INFO  : 'con' command is executed.
16:58:24 INFO  : ----------------XSDB Script (After Launch)----------------
targets -set -nocase -filter {name =~ "*microblaze*#0" && bscan=="USER2" }
con
----------------End of Script----------------

16:58:24 INFO  : Launch script is exported to file 'C:\Users\jkali\ece385\lab6\lab61\lab61_sdk\mb_blink_system\_ide\scripts\debugger_mb_blink-default.tcl'
18:25:08 INFO  : Disconnected from the channel tcfchan#5.
11:55:33 DEBUG : Logs will be stored at 'C:/Users/jkali/ece385/lab6/lab61/lab61_sdk/IDE.log'.
11:55:34 INFO  : Launching XSCT server: xsct.bat -n  -interactive C:\Users\jkali\ece385\lab6\lab61\lab61_sdk\temp_xsdb_launch_script.tcl
11:55:45 INFO  : XSCT server has started successfully.
11:55:45 INFO  : Successfully done setting XSCT server connection channel  
11:55:45 INFO  : plnx-install-location is set to ''
11:55:45 INFO  : Successfully done setting workspace for the tool. 
11:55:53 INFO  : Platform repository initialization has completed.
11:55:54 INFO  : Registering command handlers for Vitis TCF services
11:56:06 INFO  : Successfully done query RDI_DATADIR 
11:58:40 INFO  : Checking for BSP changes to sync application flags for project 'mb_blink'...
12:30:58 INFO  : Connected to target on host '127.0.0.1' and port '3121'.
12:31:00 INFO  : Jtag cable 'RealDigital Boo 887100000005A' is selected.
12:31:00 INFO  : 'jtag frequency' command is executed.
12:31:00 INFO  : 'targets -set -filter {jtag_cable_name =~ "RealDigital Boo 887100000005A" && level==0 && jtag_device_ctx=="jsn1-0362f093-0"}' command is executed.
12:31:02 INFO  : Device configured successfully with "C:/Users/jkali/ece385/lab6/lab61/lab61_sdk/mb_blink/_ide/bitstream/mb_intro_top.bit"
12:31:02 INFO  : Context for processor 'microblaze_0' is selected.
12:31:02 INFO  : Hardware design and registers information is loaded from 'C:/Users/jkali/ece385/lab6/lab61/lab61_sdk/mb_intro_top/export/mb_intro_top/hw/mb_intro_top.xsa'.
12:31:02 INFO  : 'configparams mdm-detect-bscan-mask 2' command is executed.
12:31:02 INFO  : Context for processor 'microblaze_0' is selected.
12:31:02 INFO  : System reset is completed.
12:31:05 INFO  : 'after 3000' command is executed.
12:31:05 INFO  : Context for processor 'microblaze_0' is selected.
12:31:05 INFO  : The application 'C:/Users/jkali/ece385/lab6/lab61/lab61_sdk/mb_blink/Debug/mb_blink.elf' is downloaded to processor 'microblaze_0'.
12:31:05 INFO  : ----------------XSDB Script----------------
connect -url tcp:127.0.0.1:3121
targets -set -filter {jtag_cable_name =~ "RealDigital Boo 887100000005A" && level==0 && jtag_device_ctx=="jsn1-0362f093-0"}
fpga -file C:/Users/jkali/ece385/lab6/lab61/lab61_sdk/mb_blink/_ide/bitstream/mb_intro_top.bit
targets -set -nocase -filter {name =~ "*microblaze*#0" && bscan=="USER2" }
loadhw -hw C:/Users/jkali/ece385/lab6/lab61/lab61_sdk/mb_intro_top/export/mb_intro_top/hw/mb_intro_top.xsa -regs
configparams mdm-detect-bscan-mask 2
targets -set -nocase -filter {name =~ "*microblaze*#0" && bscan=="USER2" }
rst -system
after 3000
targets -set -nocase -filter {name =~ "*microblaze*#0" && bscan=="USER2" }
dow C:/Users/jkali/ece385/lab6/lab61/lab61_sdk/mb_blink/Debug/mb_blink.elf
----------------End of Script----------------

12:31:06 INFO  : Context for processor 'microblaze_0' is selected.
12:31:06 INFO  : 'con' command is executed.
12:31:06 INFO  : ----------------XSDB Script (After Launch)----------------
targets -set -nocase -filter {name =~ "*microblaze*#0" && bscan=="USER2" }
con
----------------End of Script----------------

12:31:06 INFO  : Launch script is exported to file 'C:\Users\jkali\ece385\lab6\lab61\lab61_sdk\mb_blink_system\_ide\scripts\debugger_mb_blink-default.tcl'
12:50:25 INFO  : Disconnected from the channel tcfchan#1.
12:50:26 INFO  : Connected to target on host '127.0.0.1' and port '3121'.
12:50:35 INFO  : ----------------XSDB Script----------------
connect -url tcp:127.0.0.1:3121
----------------End of Script----------------

12:50:35 ERROR : Could not find FPGA device on the board for connection 'Local'.


Troubleshooting hints:
1. Check whether board is connected to system properly.
2. In case of zynq board, check whether Digilent/Xilinx cable switch settings are correct.
3. If you are using Xilinx Platform Cable USB, ensure that status LED is green.
12:51:20 INFO  : Connected to target on host '127.0.0.1' and port '3121'.
12:51:20 INFO  : Jtag cable 'RealDigital Boo 887100000005A' is selected.
12:51:20 INFO  : 'jtag frequency' command is executed.
12:51:20 INFO  : 'targets -set -filter {jtag_cable_name =~ "RealDigital Boo 887100000005A" && level==0 && jtag_device_ctx=="jsn1-0362f093-0"}' command is executed.
12:51:21 INFO  : Device configured successfully with "C:/Users/jkali/ece385/lab6/lab61/lab61_sdk/mb_blink/_ide/bitstream/mb_intro_top.bit"
12:51:21 INFO  : Context for processor 'microblaze_0' is selected.
12:51:22 INFO  : Hardware design and registers information is loaded from 'C:/Users/jkali/ece385/lab6/lab61/lab61_sdk/mb_intro_top/export/mb_intro_top/hw/mb_intro_top.xsa'.
12:51:22 INFO  : 'configparams mdm-detect-bscan-mask 2' command is executed.
12:51:22 INFO  : Context for processor 'microblaze_0' is selected.
12:51:22 INFO  : System reset is completed.
12:51:25 INFO  : 'after 3000' command is executed.
12:51:25 INFO  : Context for processor 'microblaze_0' is selected.
12:51:25 INFO  : The application 'C:/Users/jkali/ece385/lab6/lab61/lab61_sdk/mb_blink/Debug/mb_blink.elf' is downloaded to processor 'microblaze_0'.
12:51:25 INFO  : ----------------XSDB Script----------------
connect -url tcp:127.0.0.1:3121
targets -set -filter {jtag_cable_name =~ "RealDigital Boo 887100000005A" && level==0 && jtag_device_ctx=="jsn1-0362f093-0"}
fpga -file C:/Users/jkali/ece385/lab6/lab61/lab61_sdk/mb_blink/_ide/bitstream/mb_intro_top.bit
targets -set -nocase -filter {name =~ "*microblaze*#0" && bscan=="USER2" }
loadhw -hw C:/Users/jkali/ece385/lab6/lab61/lab61_sdk/mb_intro_top/export/mb_intro_top/hw/mb_intro_top.xsa -regs
configparams mdm-detect-bscan-mask 2
targets -set -nocase -filter {name =~ "*microblaze*#0" && bscan=="USER2" }
rst -system
after 3000
targets -set -nocase -filter {name =~ "*microblaze*#0" && bscan=="USER2" }
dow C:/Users/jkali/ece385/lab6/lab61/lab61_sdk/mb_blink/Debug/mb_blink.elf
----------------End of Script----------------

12:51:25 INFO  : Context for processor 'microblaze_0' is selected.
12:51:25 INFO  : 'con' command is executed.
12:51:25 INFO  : ----------------XSDB Script (After Launch)----------------
targets -set -nocase -filter {name =~ "*microblaze*#0" && bscan=="USER2" }
con
----------------End of Script----------------

12:51:25 INFO  : Launch script is exported to file 'C:\Users\jkali\ece385\lab6\lab61\lab61_sdk\mb_blink_system\_ide\scripts\debugger_mb_blink-default.tcl'
12:51:45 INFO  : Disconnected from the channel tcfchan#2.
12:51:46 INFO  : Connected to target on host '127.0.0.1' and port '3121'.
12:51:46 INFO  : Jtag cable 'RealDigital Boo 887100000005A' is selected.
12:51:46 INFO  : 'jtag frequency' command is executed.
12:51:46 INFO  : 'targets -set -filter {jtag_cable_name =~ "RealDigital Boo 887100000005A" && level==0 && jtag_device_ctx=="jsn1-0362f093-0"}' command is executed.
12:51:47 INFO  : Device configured successfully with "C:/Users/jkali/ece385/lab6/lab61/lab61_sdk/mb_blink/_ide/bitstream/mb_intro_top.bit"
12:51:47 INFO  : Context for processor 'microblaze_0' is selected.
12:51:48 INFO  : Hardware design and registers information is loaded from 'C:/Users/jkali/ece385/lab6/lab61/lab61_sdk/mb_intro_top/export/mb_intro_top/hw/mb_intro_top.xsa'.
12:51:48 INFO  : 'configparams mdm-detect-bscan-mask 2' command is executed.
12:51:48 INFO  : Context for processor 'microblaze_0' is selected.
12:51:48 INFO  : System reset is completed.
12:51:51 INFO  : 'after 3000' command is executed.
12:51:51 INFO  : Context for processor 'microblaze_0' is selected.
12:51:51 INFO  : The application 'C:/Users/jkali/ece385/lab6/lab61/lab61_sdk/mb_blink/Debug/mb_blink.elf' is downloaded to processor 'microblaze_0'.
12:51:51 INFO  : ----------------XSDB Script----------------
connect -url tcp:127.0.0.1:3121
targets -set -filter {jtag_cable_name =~ "RealDigital Boo 887100000005A" && level==0 && jtag_device_ctx=="jsn1-0362f093-0"}
fpga -file C:/Users/jkali/ece385/lab6/lab61/lab61_sdk/mb_blink/_ide/bitstream/mb_intro_top.bit
targets -set -nocase -filter {name =~ "*microblaze*#0" && bscan=="USER2" }
loadhw -hw C:/Users/jkali/ece385/lab6/lab61/lab61_sdk/mb_intro_top/export/mb_intro_top/hw/mb_intro_top.xsa -regs
configparams mdm-detect-bscan-mask 2
targets -set -nocase -filter {name =~ "*microblaze*#0" && bscan=="USER2" }
rst -system
after 3000
targets -set -nocase -filter {name =~ "*microblaze*#0" && bscan=="USER2" }
dow C:/Users/jkali/ece385/lab6/lab61/lab61_sdk/mb_blink/Debug/mb_blink.elf
----------------End of Script----------------

12:51:51 INFO  : Context for processor 'microblaze_0' is selected.
12:51:51 INFO  : 'con' command is executed.
12:51:51 INFO  : ----------------XSDB Script (After Launch)----------------
targets -set -nocase -filter {name =~ "*microblaze*#0" && bscan=="USER2" }
con
----------------End of Script----------------

12:51:51 INFO  : Launch script is exported to file 'C:\Users\jkali\ece385\lab6\lab61\lab61_sdk\mb_blink_system\_ide\scripts\debugger_mb_blink-default.tcl'
12:52:31 INFO  : Disconnected from the channel tcfchan#3.
12:52:32 INFO  : Connected to target on host '127.0.0.1' and port '3121'.
12:52:32 INFO  : Jtag cable 'RealDigital Boo 887100000005A' is selected.
12:52:32 INFO  : 'jtag frequency' command is executed.
12:52:32 INFO  : 'targets -set -filter {jtag_cable_name =~ "RealDigital Boo 887100000005A" && level==0 && jtag_device_ctx=="jsn1-0362f093-0"}' command is executed.
12:52:33 INFO  : Device configured successfully with "C:/Users/jkali/ece385/lab6/lab61/lab61_sdk/mb_blink/_ide/bitstream/mb_intro_top.bit"
12:52:33 INFO  : Context for processor 'microblaze_0' is selected.
12:52:33 INFO  : Hardware design and registers information is loaded from 'C:/Users/jkali/ece385/lab6/lab61/lab61_sdk/mb_intro_top/export/mb_intro_top/hw/mb_intro_top.xsa'.
12:52:33 INFO  : 'configparams mdm-detect-bscan-mask 2' command is executed.
12:52:33 INFO  : Context for processor 'microblaze_0' is selected.
12:52:34 INFO  : System reset is completed.
12:52:37 INFO  : 'after 3000' command is executed.
12:52:37 INFO  : Context for processor 'microblaze_0' is selected.
12:52:37 INFO  : The application 'C:/Users/jkali/ece385/lab6/lab61/lab61_sdk/mb_blink/Debug/mb_blink.elf' is downloaded to processor 'microblaze_0'.
12:52:37 INFO  : ----------------XSDB Script----------------
connect -url tcp:127.0.0.1:3121
targets -set -filter {jtag_cable_name =~ "RealDigital Boo 887100000005A" && level==0 && jtag_device_ctx=="jsn1-0362f093-0"}
fpga -file C:/Users/jkali/ece385/lab6/lab61/lab61_sdk/mb_blink/_ide/bitstream/mb_intro_top.bit
targets -set -nocase -filter {name =~ "*microblaze*#0" && bscan=="USER2" }
loadhw -hw C:/Users/jkali/ece385/lab6/lab61/lab61_sdk/mb_intro_top/export/mb_intro_top/hw/mb_intro_top.xsa -regs
configparams mdm-detect-bscan-mask 2
targets -set -nocase -filter {name =~ "*microblaze*#0" && bscan=="USER2" }
rst -system
after 3000
targets -set -nocase -filter {name =~ "*microblaze*#0" && bscan=="USER2" }
dow C:/Users/jkali/ece385/lab6/lab61/lab61_sdk/mb_blink/Debug/mb_blink.elf
----------------End of Script----------------

12:52:37 INFO  : Context for processor 'microblaze_0' is selected.
12:52:37 INFO  : 'con' command is executed.
12:52:37 INFO  : ----------------XSDB Script (After Launch)----------------
targets -set -nocase -filter {name =~ "*microblaze*#0" && bscan=="USER2" }
con
----------------End of Script----------------

12:52:37 INFO  : Launch script is exported to file 'C:\Users\jkali\ece385\lab6\lab61\lab61_sdk\mb_blink_system\_ide\scripts\debugger_mb_blink-default.tcl'
12:53:17 INFO  : Checking for BSP changes to sync application flags for project 'mb_blink'...
12:53:26 INFO  : Disconnected from the channel tcfchan#4.
12:53:27 INFO  : Connected to target on host '127.0.0.1' and port '3121'.
12:53:36 INFO  : ----------------XSDB Script----------------
connect -url tcp:127.0.0.1:3121
----------------End of Script----------------

12:53:36 ERROR : Could not find FPGA device on the board for connection 'Local'.


Troubleshooting hints:
1. Check whether board is connected to system properly.
2. In case of zynq board, check whether Digilent/Xilinx cable switch settings are correct.
3. If you are using Xilinx Platform Cable USB, ensure that status LED is green.
12:53:41 INFO  : Connected to target on host '127.0.0.1' and port '3121'.
12:53:41 INFO  : Jtag cable 'RealDigital Boo 887100000005A' is selected.
12:53:41 INFO  : 'jtag frequency' command is executed.
12:53:41 INFO  : 'targets -set -filter {jtag_cable_name =~ "RealDigital Boo 887100000005A" && level==0 && jtag_device_ctx=="jsn1-0362f093-0"}' command is executed.
12:53:42 INFO  : Device configured successfully with "C:/Users/jkali/ece385/lab6/lab61/lab61_sdk/mb_blink/_ide/bitstream/mb_intro_top.bit"
12:53:42 INFO  : Context for processor 'microblaze_0' is selected.
12:53:42 INFO  : Hardware design and registers information is loaded from 'C:/Users/jkali/ece385/lab6/lab61/lab61_sdk/mb_intro_top/export/mb_intro_top/hw/mb_intro_top.xsa'.
12:53:42 INFO  : 'configparams mdm-detect-bscan-mask 2' command is executed.
12:53:42 INFO  : Context for processor 'microblaze_0' is selected.
12:53:42 INFO  : System reset is completed.
12:53:45 INFO  : 'after 3000' command is executed.
12:53:45 INFO  : Context for processor 'microblaze_0' is selected.
12:53:45 INFO  : The application 'C:/Users/jkali/ece385/lab6/lab61/lab61_sdk/mb_blink/Debug/mb_blink.elf' is downloaded to processor 'microblaze_0'.
12:53:45 INFO  : ----------------XSDB Script----------------
connect -url tcp:127.0.0.1:3121
targets -set -filter {jtag_cable_name =~ "RealDigital Boo 887100000005A" && level==0 && jtag_device_ctx=="jsn1-0362f093-0"}
fpga -file C:/Users/jkali/ece385/lab6/lab61/lab61_sdk/mb_blink/_ide/bitstream/mb_intro_top.bit
targets -set -nocase -filter {name =~ "*microblaze*#0" && bscan=="USER2" }
loadhw -hw C:/Users/jkali/ece385/lab6/lab61/lab61_sdk/mb_intro_top/export/mb_intro_top/hw/mb_intro_top.xsa -regs
configparams mdm-detect-bscan-mask 2
targets -set -nocase -filter {name =~ "*microblaze*#0" && bscan=="USER2" }
rst -system
after 3000
targets -set -nocase -filter {name =~ "*microblaze*#0" && bscan=="USER2" }
dow C:/Users/jkali/ece385/lab6/lab61/lab61_sdk/mb_blink/Debug/mb_blink.elf
----------------End of Script----------------

12:53:46 INFO  : Context for processor 'microblaze_0' is selected.
12:53:46 ERROR : Already running
12:53:46 INFO  : Disconnected from the channel tcfchan#5.
12:53:54 INFO  : Connected to target on host '127.0.0.1' and port '3121'.
12:53:55 INFO  : Jtag cable 'RealDigital Boo 887100000005A' is selected.
12:53:55 INFO  : 'jtag frequency' command is executed.
12:53:58 ERROR : no targets found with "jtag_cable_name =~ "RealDigital Boo 887100000005A" && level==0 && jtag_device_ctx=="jsn1-0362f093-0"". available targets:
  1  xc7s50
     2  MicroBlaze Debug Module at USER2
        3  MicroBlaze #0 (Running)
12:53:58 ERROR : Exception occured while running Program Device.
java.lang.RuntimeException: no targets found with "jtag_cable_name =~ "RealDigital Boo 887100000005A" && level==0 && jtag_device_ctx=="jsn1-0362f093-0"". available targets:
  1  xc7s50
     2  MicroBlaze Debug Module at USER2
        3  MicroBlaze #0 (Running)
12:53:58 INFO  : ----------------XSDB Script----------------
connect -url tcp:127.0.0.1:3121
----------------End of Script----------------

12:53:58 ERROR : no targets found with "jtag_cable_name =~ "RealDigital Boo 887100000005A" && level==0 && jtag_device_ctx=="jsn1-0362f093-0"". available targets:
  1  xc7s50
     2  MicroBlaze Debug Module at USER2
        3  MicroBlaze #0 (Running)
12:54:21 INFO  : Checking for BSP changes to sync application flags for project 'mb_blink'...
12:54:28 INFO  : Connected to target on host '127.0.0.1' and port '3121'.
12:54:28 INFO  : Jtag cable 'RealDigital Boo 887100000005A' is selected.
12:54:28 INFO  : 'jtag frequency' command is executed.
12:54:32 ERROR : no targets found with "jtag_cable_name =~ "RealDigital Boo 887100000005A" && level==0 && jtag_device_ctx=="jsn1-0362f093-0"". available targets:
  1  xc7s50
     2  MicroBlaze Debug Module at USER2
        3  MicroBlaze #0 (Running)
12:54:32 ERROR : Exception occured while running Program Device.
java.lang.RuntimeException: no targets found with "jtag_cable_name =~ "RealDigital Boo 887100000005A" && level==0 && jtag_device_ctx=="jsn1-0362f093-0"". available targets:
  1  xc7s50
     2  MicroBlaze Debug Module at USER2
        3  MicroBlaze #0 (Running)
12:54:32 INFO  : ----------------XSDB Script----------------
connect -url tcp:127.0.0.1:3121
----------------End of Script----------------

12:54:32 ERROR : no targets found with "jtag_cable_name =~ "RealDigital Boo 887100000005A" && level==0 && jtag_device_ctx=="jsn1-0362f093-0"". available targets:
  1  xc7s50
     2  MicroBlaze Debug Module at USER2
        3  MicroBlaze #0 (Running)
12:55:03 INFO  : Connected to target on host '127.0.0.1' and port '3121'.
12:55:03 INFO  : Jtag cable 'RealDigital Boo 887100000005A' is selected.
12:55:03 INFO  : 'jtag frequency' command is executed.
12:55:06 ERROR : no targets found with "jtag_cable_name =~ "RealDigital Boo 887100000005A" && level==0 && jtag_device_ctx=="jsn1-0362f093-0"". available targets:
  1  xc7s50
     2  MicroBlaze Debug Module at USER2
        3  MicroBlaze #0 (Running)
12:55:06 ERROR : Exception occured while running Program Device.
java.lang.RuntimeException: no targets found with "jtag_cable_name =~ "RealDigital Boo 887100000005A" && level==0 && jtag_device_ctx=="jsn1-0362f093-0"". available targets:
  1  xc7s50
     2  MicroBlaze Debug Module at USER2
        3  MicroBlaze #0 (Running)
12:55:06 INFO  : ----------------XSDB Script----------------
connect -url tcp:127.0.0.1:3121
----------------End of Script----------------

12:55:06 ERROR : no targets found with "jtag_cable_name =~ "RealDigital Boo 887100000005A" && level==0 && jtag_device_ctx=="jsn1-0362f093-0"". available targets:
  1  xc7s50
     2  MicroBlaze Debug Module at USER2
        3  MicroBlaze #0 (Running)
12:56:12 DEBUG : Logs will be stored at 'C:/Users/jkali/ece385/lab6/lab61/lab61_sdk/IDE.log'.
12:56:13 INFO  : Launching XSCT server: xsct.bat -n  -interactive C:\Users\jkali\ece385\lab6\lab61\lab61_sdk\temp_xsdb_launch_script.tcl
12:56:16 INFO  : Platform repository initialization has completed.
12:56:17 INFO  : XSCT server has started successfully.
12:56:17 INFO  : plnx-install-location is set to ''
12:56:17 INFO  : Successfully done setting XSCT server connection channel  
12:56:17 INFO  : Registering command handlers for Vitis TCF services
12:56:20 INFO  : Checking for BSP changes to sync application flags for project 'mb_blink'...
12:56:22 INFO  : Successfully done setting workspace for the tool. 
12:56:23 INFO  : Successfully done query RDI_DATADIR 
12:56:33 INFO  : Connected to target on host '127.0.0.1' and port '3121'.
12:56:34 INFO  : Jtag cable 'RealDigital Boo 887100000005A' is selected.
12:56:34 INFO  : 'jtag frequency' command is executed.
12:56:34 INFO  : 'targets -set -filter {jtag_cable_name =~ "RealDigital Boo 887100000005A" && level==0 && jtag_device_ctx=="jsn1-0362f093-0"}' command is executed.
12:56:35 INFO  : Device configured successfully with "C:/Users/jkali/ece385/lab6/lab61/lab61_sdk/mb_blink/_ide/bitstream/mb_intro_top.bit"
12:56:35 INFO  : Context for processor 'microblaze_0' is selected.
12:56:35 INFO  : Hardware design and registers information is loaded from 'C:/Users/jkali/ece385/lab6/lab61/lab61_sdk/mb_intro_top/export/mb_intro_top/hw/mb_intro_top.xsa'.
12:56:35 INFO  : 'configparams mdm-detect-bscan-mask 2' command is executed.
12:56:35 INFO  : Context for processor 'microblaze_0' is selected.
12:56:35 INFO  : System reset is completed.
12:56:38 INFO  : 'after 3000' command is executed.
12:56:38 INFO  : Context for processor 'microblaze_0' is selected.
12:56:38 INFO  : The application 'C:/Users/jkali/ece385/lab6/lab61/lab61_sdk/mb_blink/Debug/mb_blink.elf' is downloaded to processor 'microblaze_0'.
12:56:38 INFO  : ----------------XSDB Script----------------
connect -url tcp:127.0.0.1:3121
targets -set -filter {jtag_cable_name =~ "RealDigital Boo 887100000005A" && level==0 && jtag_device_ctx=="jsn1-0362f093-0"}
fpga -file C:/Users/jkali/ece385/lab6/lab61/lab61_sdk/mb_blink/_ide/bitstream/mb_intro_top.bit
targets -set -nocase -filter {name =~ "*microblaze*#0" && bscan=="USER2" }
loadhw -hw C:/Users/jkali/ece385/lab6/lab61/lab61_sdk/mb_intro_top/export/mb_intro_top/hw/mb_intro_top.xsa -regs
configparams mdm-detect-bscan-mask 2
targets -set -nocase -filter {name =~ "*microblaze*#0" && bscan=="USER2" }
rst -system
after 3000
targets -set -nocase -filter {name =~ "*microblaze*#0" && bscan=="USER2" }
dow C:/Users/jkali/ece385/lab6/lab61/lab61_sdk/mb_blink/Debug/mb_blink.elf
----------------End of Script----------------

12:56:38 INFO  : Context for processor 'microblaze_0' is selected.
12:56:38 INFO  : 'con' command is executed.
12:56:38 INFO  : ----------------XSDB Script (After Launch)----------------
targets -set -nocase -filter {name =~ "*microblaze*#0" && bscan=="USER2" }
con
----------------End of Script----------------

12:56:38 INFO  : Launch script is exported to file 'C:\Users\jkali\ece385\lab6\lab61\lab61_sdk\mb_blink_system\_ide\scripts\debugger_mb_blink-default.tcl'
14:38:36 INFO  : Disconnected from the channel tcfchan#1.
19:23:11 DEBUG : Logs will be stored at 'C:/Users/jkali/ece385/lab6/lab61/lab61_sdk/IDE.log'.
19:23:13 INFO  : Launching XSCT server: xsct.bat -n  -interactive C:\Users\jkali\ece385\lab6\lab61\lab61_sdk\temp_xsdb_launch_script.tcl
19:23:20 INFO  : XSCT server has started successfully.
19:23:20 INFO  : plnx-install-location is set to ''
19:23:20 INFO  : Successfully done setting XSCT server connection channel  
19:23:20 INFO  : Successfully done setting workspace for the tool. 
19:23:36 INFO  : Platform repository initialization has completed.
19:23:36 INFO  : Successfully done query RDI_DATADIR 
19:23:37 INFO  : Registering command handlers for Vitis TCF services
19:25:43 INFO  : Checking for BSP changes to sync application flags for project 'mb_blink'...
19:26:10 INFO  : Connected to target on host '127.0.0.1' and port '3121'.
19:26:10 INFO  : Jtag cable 'RealDigital Boo 887100000002A' is selected.
19:26:10 INFO  : 'jtag frequency' command is executed.
19:26:11 INFO  : 'targets -set -filter {jtag_cable_name =~ "RealDigital Boo 887100000002A" && level==0 && jtag_device_ctx=="jsn1-0362f093-0"}' command is executed.
19:26:12 INFO  : Device configured successfully with "C:/Users/jkali/ece385/lab6/lab61/lab61_sdk/mb_blink/_ide/bitstream/mb_intro_top.bit"
19:26:12 INFO  : Context for processor 'microblaze_0' is selected.
19:26:12 INFO  : Hardware design and registers information is loaded from 'C:/Users/jkali/ece385/lab6/lab61/lab61_sdk/mb_intro_top/export/mb_intro_top/hw/mb_intro_top.xsa'.
19:26:12 INFO  : 'configparams mdm-detect-bscan-mask 2' command is executed.
19:26:12 INFO  : Context for processor 'microblaze_0' is selected.
19:26:12 INFO  : System reset is completed.
19:26:15 INFO  : 'after 3000' command is executed.
19:26:15 INFO  : Context for processor 'microblaze_0' is selected.
19:26:16 INFO  : The application 'C:/Users/jkali/ece385/lab6/lab61/lab61_sdk/mb_blink/Debug/mb_blink.elf' is downloaded to processor 'microblaze_0'.
19:26:16 INFO  : ----------------XSDB Script----------------
connect -url tcp:127.0.0.1:3121
targets -set -filter {jtag_cable_name =~ "RealDigital Boo 887100000002A" && level==0 && jtag_device_ctx=="jsn1-0362f093-0"}
fpga -file C:/Users/jkali/ece385/lab6/lab61/lab61_sdk/mb_blink/_ide/bitstream/mb_intro_top.bit
targets -set -nocase -filter {name =~ "*microblaze*#0" && bscan=="USER2" }
loadhw -hw C:/Users/jkali/ece385/lab6/lab61/lab61_sdk/mb_intro_top/export/mb_intro_top/hw/mb_intro_top.xsa -regs
configparams mdm-detect-bscan-mask 2
targets -set -nocase -filter {name =~ "*microblaze*#0" && bscan=="USER2" }
rst -system
after 3000
targets -set -nocase -filter {name =~ "*microblaze*#0" && bscan=="USER2" }
dow C:/Users/jkali/ece385/lab6/lab61/lab61_sdk/mb_blink/Debug/mb_blink.elf
----------------End of Script----------------

19:26:16 INFO  : Context for processor 'microblaze_0' is selected.
19:26:16 INFO  : 'con' command is executed.
19:26:16 INFO  : ----------------XSDB Script (After Launch)----------------
targets -set -nocase -filter {name =~ "*microblaze*#0" && bscan=="USER2" }
con
----------------End of Script----------------

19:26:16 INFO  : Launch script is exported to file 'C:\Users\jkali\ece385\lab6\lab61\lab61_sdk\mb_blink_system\_ide\scripts\debugger_mb_blink-default.tcl'
19:27:29 INFO  : Checking for BSP changes to sync application flags for project 'mb_blink'...
19:27:46 INFO  : Disconnected from the channel tcfchan#1.
19:27:47 INFO  : Connected to target on host '127.0.0.1' and port '3121'.
19:27:47 INFO  : Jtag cable 'RealDigital Boo 887100000002A' is selected.
19:27:47 INFO  : 'jtag frequency' command is executed.
19:27:47 INFO  : 'targets -set -filter {jtag_cable_name =~ "RealDigital Boo 887100000002A" && level==0 && jtag_device_ctx=="jsn1-0362f093-0"}' command is executed.
19:27:49 INFO  : Device configured successfully with "C:/Users/jkali/ece385/lab6/lab61/lab61_sdk/mb_blink/_ide/bitstream/mb_intro_top.bit"
19:27:49 INFO  : Context for processor 'microblaze_0' is selected.
19:27:49 INFO  : Hardware design and registers information is loaded from 'C:/Users/jkali/ece385/lab6/lab61/lab61_sdk/mb_intro_top/export/mb_intro_top/hw/mb_intro_top.xsa'.
19:27:49 INFO  : 'configparams mdm-detect-bscan-mask 2' command is executed.
19:27:49 INFO  : Context for processor 'microblaze_0' is selected.
19:27:49 INFO  : System reset is completed.
19:27:52 INFO  : 'after 3000' command is executed.
19:27:52 INFO  : Context for processor 'microblaze_0' is selected.
19:27:52 INFO  : The application 'C:/Users/jkali/ece385/lab6/lab61/lab61_sdk/mb_blink/Debug/mb_blink.elf' is downloaded to processor 'microblaze_0'.
19:27:52 INFO  : ----------------XSDB Script----------------
connect -url tcp:127.0.0.1:3121
targets -set -filter {jtag_cable_name =~ "RealDigital Boo 887100000002A" && level==0 && jtag_device_ctx=="jsn1-0362f093-0"}
fpga -file C:/Users/jkali/ece385/lab6/lab61/lab61_sdk/mb_blink/_ide/bitstream/mb_intro_top.bit
targets -set -nocase -filter {name =~ "*microblaze*#0" && bscan=="USER2" }
loadhw -hw C:/Users/jkali/ece385/lab6/lab61/lab61_sdk/mb_intro_top/export/mb_intro_top/hw/mb_intro_top.xsa -regs
configparams mdm-detect-bscan-mask 2
targets -set -nocase -filter {name =~ "*microblaze*#0" && bscan=="USER2" }
rst -system
after 3000
targets -set -nocase -filter {name =~ "*microblaze*#0" && bscan=="USER2" }
dow C:/Users/jkali/ece385/lab6/lab61/lab61_sdk/mb_blink/Debug/mb_blink.elf
----------------End of Script----------------

19:27:52 INFO  : Context for processor 'microblaze_0' is selected.
19:27:52 INFO  : 'con' command is executed.
19:27:52 INFO  : ----------------XSDB Script (After Launch)----------------
targets -set -nocase -filter {name =~ "*microblaze*#0" && bscan=="USER2" }
con
----------------End of Script----------------

19:27:52 INFO  : Launch script is exported to file 'C:\Users\jkali\ece385\lab6\lab61\lab61_sdk\mb_blink_system\_ide\scripts\debugger_mb_blink-default.tcl'
21:12:02 INFO  : Disconnected from the channel tcfchan#2.
11:28:41 DEBUG : Logs will be stored at 'C:/Users/jkali/ece385/lab6/lab61/lab61_sdk/IDE.log'.
11:28:42 INFO  : Launching XSCT server: xsct.bat -n  -interactive C:\Users\jkali\ece385\lab6\lab61\lab61_sdk\temp_xsdb_launch_script.tcl
11:28:50 INFO  : XSCT server has started successfully.
11:28:50 INFO  : plnx-install-location is set to ''
11:28:50 INFO  : Successfully done setting XSCT server connection channel  
11:28:50 INFO  : Successfully done setting workspace for the tool. 
11:28:52 INFO  : Platform repository initialization has completed.
11:28:53 INFO  : Registering command handlers for Vitis TCF services
11:29:02 INFO  : Successfully done query RDI_DATADIR 
11:29:26 INFO  : Connected to target on host '127.0.0.1' and port '3121'.
11:29:26 INFO  : Checking for BSP changes to sync application flags for project 'mb_blink'...
11:29:26 INFO  : Jtag cable 'RealDigital Boo 887100000002A' is selected.
11:29:26 INFO  : 'jtag frequency' command is executed.
11:29:28 INFO  : 'targets -set -filter {jtag_cable_name =~ "RealDigital Boo 887100000002A" && level==0 && jtag_device_ctx=="jsn1-0362f093-0"}' command is executed.
11:29:29 INFO  : Device configured successfully with "C:/Users/jkali/ece385/lab6/lab61/lab61_sdk/mb_blink/_ide/bitstream/mb_intro_top.bit"
11:29:31 INFO  : Context for processor 'microblaze_0' is selected.
11:29:31 INFO  : Hardware design and registers information is loaded from 'C:/Users/jkali/ece385/lab6/lab61/lab61_sdk/mb_intro_top/export/mb_intro_top/hw/mb_intro_top.xsa'.
11:29:31 INFO  : 'configparams mdm-detect-bscan-mask 2' command is executed.
11:29:31 INFO  : Context for processor 'microblaze_0' is selected.
11:29:31 INFO  : System reset is completed.
11:29:34 INFO  : 'after 3000' command is executed.
11:29:34 INFO  : Context for processor 'microblaze_0' is selected.
11:29:34 INFO  : The application 'C:/Users/jkali/ece385/lab6/lab61/lab61_sdk/mb_blink/Debug/mb_blink.elf' is downloaded to processor 'microblaze_0'.
11:29:34 INFO  : ----------------XSDB Script----------------
connect -url tcp:127.0.0.1:3121
targets -set -filter {jtag_cable_name =~ "RealDigital Boo 887100000002A" && level==0 && jtag_device_ctx=="jsn1-0362f093-0"}
fpga -file C:/Users/jkali/ece385/lab6/lab61/lab61_sdk/mb_blink/_ide/bitstream/mb_intro_top.bit
targets -set -nocase -filter {name =~ "*microblaze*#0" && bscan=="USER2" }
loadhw -hw C:/Users/jkali/ece385/lab6/lab61/lab61_sdk/mb_intro_top/export/mb_intro_top/hw/mb_intro_top.xsa -regs
configparams mdm-detect-bscan-mask 2
targets -set -nocase -filter {name =~ "*microblaze*#0" && bscan=="USER2" }
rst -system
after 3000
targets -set -nocase -filter {name =~ "*microblaze*#0" && bscan=="USER2" }
dow C:/Users/jkali/ece385/lab6/lab61/lab61_sdk/mb_blink/Debug/mb_blink.elf
----------------End of Script----------------

11:29:34 INFO  : Context for processor 'microblaze_0' is selected.
11:29:34 INFO  : 'con' command is executed.
11:29:34 INFO  : ----------------XSDB Script (After Launch)----------------
targets -set -nocase -filter {name =~ "*microblaze*#0" && bscan=="USER2" }
con
----------------End of Script----------------

11:29:34 INFO  : Launch script is exported to file 'C:\Users\jkali\ece385\lab6\lab61\lab61_sdk\mb_blink_system\_ide\scripts\debugger_mb_blink-default.tcl'
11:29:51 INFO  : Checking for BSP changes to sync application flags for project 'mb_blink'...
11:29:59 INFO  : Disconnected from the channel tcfchan#1.
11:30:00 INFO  : Connected to target on host '127.0.0.1' and port '3121'.
11:30:09 INFO  : ----------------XSDB Script----------------
connect -url tcp:127.0.0.1:3121
----------------End of Script----------------

11:30:10 ERROR : Could not find FPGA device on the board for connection 'Local'.


Troubleshooting hints:
1. Check whether board is connected to system properly.
2. In case of zynq board, check whether Digilent/Xilinx cable switch settings are correct.
3. If you are using Xilinx Platform Cable USB, ensure that status LED is green.
11:30:16 INFO  : Connected to target on host '127.0.0.1' and port '3121'.
11:30:16 INFO  : Jtag cable 'RealDigital Boo 887100000002A' is selected.
11:30:16 INFO  : 'jtag frequency' command is executed.
11:30:17 INFO  : 'targets -set -filter {jtag_cable_name =~ "RealDigital Boo 887100000002A" && level==0 && jtag_device_ctx=="jsn1-0362f093-0"}' command is executed.
11:30:18 INFO  : Device configured successfully with "C:/Users/jkali/ece385/lab6/lab61/lab61_sdk/mb_blink/_ide/bitstream/mb_intro_top.bit"
11:30:18 INFO  : Context for processor 'microblaze_0' is selected.
11:30:19 INFO  : Hardware design and registers information is loaded from 'C:/Users/jkali/ece385/lab6/lab61/lab61_sdk/mb_intro_top/export/mb_intro_top/hw/mb_intro_top.xsa'.
11:30:19 INFO  : 'configparams mdm-detect-bscan-mask 2' command is executed.
11:30:19 INFO  : Context for processor 'microblaze_0' is selected.
11:30:19 INFO  : System reset is completed.
11:30:22 INFO  : 'after 3000' command is executed.
11:30:22 INFO  : Context for processor 'microblaze_0' is selected.
11:30:22 INFO  : The application 'C:/Users/jkali/ece385/lab6/lab61/lab61_sdk/mb_blink/Debug/mb_blink.elf' is downloaded to processor 'microblaze_0'.
11:30:22 INFO  : ----------------XSDB Script----------------
connect -url tcp:127.0.0.1:3121
targets -set -filter {jtag_cable_name =~ "RealDigital Boo 887100000002A" && level==0 && jtag_device_ctx=="jsn1-0362f093-0"}
fpga -file C:/Users/jkali/ece385/lab6/lab61/lab61_sdk/mb_blink/_ide/bitstream/mb_intro_top.bit
targets -set -nocase -filter {name =~ "*microblaze*#0" && bscan=="USER2" }
loadhw -hw C:/Users/jkali/ece385/lab6/lab61/lab61_sdk/mb_intro_top/export/mb_intro_top/hw/mb_intro_top.xsa -regs
configparams mdm-detect-bscan-mask 2
targets -set -nocase -filter {name =~ "*microblaze*#0" && bscan=="USER2" }
rst -system
after 3000
targets -set -nocase -filter {name =~ "*microblaze*#0" && bscan=="USER2" }
dow C:/Users/jkali/ece385/lab6/lab61/lab61_sdk/mb_blink/Debug/mb_blink.elf
----------------End of Script----------------

11:30:22 INFO  : Context for processor 'microblaze_0' is selected.
11:30:22 INFO  : 'con' command is executed.
11:30:22 INFO  : ----------------XSDB Script (After Launch)----------------
targets -set -nocase -filter {name =~ "*microblaze*#0" && bscan=="USER2" }
con
----------------End of Script----------------

11:30:22 INFO  : Launch script is exported to file 'C:\Users\jkali\ece385\lab6\lab61\lab61_sdk\mb_blink_system\_ide\scripts\debugger_mb_blink-default.tcl'
13:49:46 INFO  : Disconnected from the channel tcfchan#2.
