Nothing to build in platform 'mb_intro_top'

16:16:55 **** Incremental Build of configuration Debug for project mb_blink ****
make all 
'Building file: ../src/mb_blink.c'
'Invoking: MicroBlaze gcc compiler'
mb-gcc -Wall -O0 -g3 -c -fmessage-length=0 -MT"src/mb_blink.o" -IC:/Users/jkali/ece385/lab6/lab61/lab61_sdk/mb_intro_top/export/mb_intro_top/sw/mb_intro_top/standalone_microblaze_0/bspinclude/include -mno-xl-reorder -mlittle-endian -mxl-barrel-shift -mxl-pattern-compare -mcpu=v11.0 -mno-xl-soft-mul -Wl,--no-relax -ffunction-sections -fdata-sections -MMD -MP -MF"src/mb_blink.d" -MT"src/mb_blink.o" -o "src/mb_blink.o" "../src/mb_blink.c"
'Finished building: ../src/mb_blink.c'
' '
'Building target: mb_blink.elf'
'Invoking: MicroBlaze gcc linker'
mb-gcc -Wl,-T -Wl,../src/lscript.ld -LC:/Users/jkali/ece385/lab6/lab61/lab61_sdk/mb_intro_top/export/mb_intro_top/sw/mb_intro_top/standalone_microblaze_0/bsplib/lib -mlittle-endian -mxl-barrel-shift -mxl-pattern-compare -mcpu=v11.0 -mno-xl-soft-mul -Wl,--no-relax -Wl,--gc-sections -o "mb_blink.elf"  ./src/mb_blink.o ./src/platform.o   -Wl,--start-group,-lxil,-lgcc,-lc,--end-group
'Finished building target: mb_blink.elf'
' '
'Invoking: MicroBlaze Print Size'
mb-size mb_blink.elf  |tee "mb_blink.elf.size"
   text	   data	    bss	    dec	    hex	filename
   6136	    328	   3104	   9568	   2560	mb_blink.elf
'Finished building: mb_blink.elf.size'
' '
16:16:56 **** Incremental Build of configuration Debug for project mb_blink_system ****
make all 
Skipping SD card image generation. Reason: "The system project only has applications for microblaze processors."
Nothing to build in platform 'mb_intro_top'

16:24:12 **** Incremental Build of configuration Debug for project mb_blink ****
make all 
make: Nothing to be done for 'all'.
16:24:13 **** Incremental Build of configuration Debug for project mb_blink_system ****
make all 
Skipping SD card image generation. Reason: "The system project only has applications for microblaze processors."
